../1.0/template/_template/001#PUT#_template#dcvs_template.json
../1.0/index/001#PUT#dcvs_ape.json
../1.0/index/002#PUT#dcvs_apestatus.json
../1.0/index/003#PUT#dcvs_aps.json
../1.0/index/004#PUT#dcvs_apsstatus.json
../1.0/index/005#PUT#dcvs_tollgate.json
../1.0/index/006#PUT#dcvs_lane.json
../1.0/index/007#PUT#dcvs_videosliceinfo.json
../1.0/index/008#PUT#dcvs_imageinfo.json
../1.0/index/009#PUT#dcvs_fileinfo.json
../1.0/index/010#PUT#dcvs_person.json
../1.0/index/011#PUT#dcvs_face.json
../1.0/index/012#PUT#dcvs_motorvehicle.json
../1.0/index/013#PUT#dcvs_nonmotorvehicle.json
../1.0/index/014#PUT#dcvs_thing.json
../1.0/index/015#PUT#dcvs_scene.json
../1.0/index/016#PUT#dcvs_caseinfo.json
../1.0/index/017#PUT#dcvs_videolabel.json
../1.0/index/018#PUT#dcvs_analysisrule.json
../1.0/index/019#PUT#dcvs_disposition.json
../1.0/index/020#PUT#dcvs_dispositionnotification.json
../1.0/index/021#PUT#dcvs_subscribe.json
../1.0/index/022#PUT#dcvs_subscribenotification.json
../1.0/index/023#PUT#dcvs_viidserver.json
